../Core/Inc/bno055_stm32.h:24:6:bno055_assignI2C	16	static
../Core/Inc/bno055_stm32.h:28:6:bno055_delay	16	static
../Core/Inc/bno055_stm32.h:36:6:bno055_writeData	40	static
../Core/Inc/bno055_stm32.h:100:6:bno055_readData	24	static
../Core/Src/main.c:135:21:clampf	24	static
../Core/Src/main.c:142:24:clampu16	16	static
../Core/Src/main.c:149:21:apply_deadband	16	static
../Core/Src/main.c:158:21:rc_us_to_norm	24	static
../Core/Src/main.c:164:13:rc_value_valid	16	static
../Core/Src/main.c:169:13:rc_channels_valid	16	static
../Core/Src/main.c:178:14:lpf_update	24	static
../Core/Src/main.c:191:13:reset_all_pids	8	static
../Core/Src/main.c:200:13:disarm_now	8	static
../Core/Src/main.c:212:5:main	160	static
../Core/Src/main.c:478:6:SystemClock_Config	96	static
../Core/Src/main.c:535:6:HAL_TIM_PeriodElapsedCallback	16	static
../Core/Src/main.c:544:5:_write	24	static
../Core/Src/main.c:559:6:Error_Handler	4	static,ignoring_inline_asm
